nishimurakouhei@MacBook-Pro ~ % cd /Users/nishimurakouhei/git_challenge
nishimurakouhei@MacBook-Pro git_challenge % cd /Users/nishimurakouhei/git_challenge
nishimurakouhei@MacBook-Pro git_challenge % git init
hint: Using 'master' as the name for the initial branch. This default branch name
hint: is subject to change. To configure the initial branch name to use in all
hint: of your new repositories, which will suppress this warning, call:
hint:
hint:   git config --global init.defaultBranch <name>
hint:
hint: Names commonly chosen instead of 'master' are 'main', 'trunk' and
hint: 'development'. The just-created branch can be renamed via this command:
hint:
hint:   git branch -m <name>
hint:
hint: Disable this message with "git config set advice.defaultBranchName false"
Initialized empty Git repository in /Users/nishimurakouhei/git_challenge/.git/
nishimurakouhei@MacBook-Pro git_challenge % touch hello_world.txt
nishimurakouhei@MacBook-Pro git_challenge % echo Hello, world! >> hello_world.txt
nishimurakouhei@MacBook-Pro git_challenge % git commit -m １回目のコミット                
[master (root-commit) 66b8e82] １回目のコミット
 1 file changed, 0 insertions(+), 0 deletions(-)
 create mode 100644 hello_world.txt
nishimurakouhei@MacBook-Pro git_challenge % echo こんにちは、世界！ >> hello_world.txt
nishimurakouhei@MacBook-Pro git_challenge % git add hello_world.txt 
nishimurakouhei@MacBook-Pro git_challenge % git commit -m ２回目のコミット                
[master ec6beda] ２回目のコミット
 1 file changed, 2 insertions(+)
nishimurakouhei@MacBook-Pro git_challenge % git log --oneline
ec6beda (HEAD -> master) ２回目のコミット
66b8e82 １回目のコミット