nishimurakouhei@MacBook-Pro samurai-terakoya % cd /Users/nishimurakouhei/git_challenge
nishimurakouhei@MacBook-Pro git_challenge % touch .txt
nishimurakouhei@MacBook-Pro git_challenge % git init
hint: Using 'master' as the name for the initial branch. This default branch name
hint: is subject to change. To configure the initial branch name to use in all
hint: of your new repositories, which will suppress this warning, call:
hint:
hint:   git config --global init.defaultBranch <name>
hint:
hint: Names commonly chosen instead of 'master' are 'main', 'trunk' and
hint: 'development'. The just-created branch can be renamed via this command:
hint:
hint:   git branch -m <name>
hint:
hint: Disable this message with "git config set advice.defaultBranchName false"
Initialized empty Git repository in /Users/nishimurakouhei/git_challenge/.git/
nishimurakouhei@MacBook-Pro git_challenge % git add hello_world.txt 
nishimurakouhei@MacBook-Pro git_challenge % git commit -m "１回目コミット"                
[master (root-commit) 1b30cc3] １回目コミット
 1 file changed, 0 insertions(+), 0 deletions(-)
 create mode 100644 hello_world.txt
nishimurakouhei@MacBook-Pro git_challenge %  git add hello_world.txt
nishimurakouhei@MacBook-Pro git_challenge % git commit -m "2回目のコミット"
[master 18fb20f] 2回目のコミット
 1 file changed, 4 insertions(+)
nishimurakouhei@MacBook-Pro git_challenge % git log --oneline
18fb20f (HEAD -> master) 2回目のコミット
1b30cc3 １回目コミット